// Jest Snapshot v1, https://goo.gl/fbAQLP

exports[`ProductTitle Debe mostrar el componente correctamente con el t√≠tulo personalizado 1`] = `
<span
  className="productDescription custom-classu"
>
  Custom product
</span>
`;

exports[`ProductTitle debe de mostrar el componente con el nombre del producto 1`] = `
<div
  className="productCard undefined"
>
  <span
    className="productDescription undefined"
  >
    Coffee mug 1 - Card
  </span>
</div>
`;
